18:45:56 **** Incremental Build of configuration Release for project decoder_src_dsply_checksum_arm ****
make all 
'Building file: ../src/display.c'
'Invoking: ARM gcc compiler'
arm-xilinx-eabi-gcc -Wall -w -O3 -I"C:\Users\yolivave\work\orcc-gen\mpeg4Visual\serial\Compa\libs\orcc\include" -I../../arm00_bsp/ps7_cortexa9_0/include -I"C:\Users\yolivave\Downloads\no-OS-master\adv7511\library\zc\inc" -I"C:\Users\yolivave\work\Xilinx_SDK_workspace\Top_mpeg_arm\src" -c -fmessage-length=0 -I../../bsp_arm_00/ps7_cortexa9_0/include -MMD -MP -MF"src/display.d" -MT"src/display.d" -o "src/display.o" "../src/display.c"
'Finished building: ../src/display.c'
' '
'Building target: decoder_src_dsply_checksum_arm.elf'
'Invoking: ARM gcc linker'
arm-xilinx-eabi-gcc -L"C:\Users\yolivave\work\Xilinx_SDK_workspace\mpeg_libs_arm\orcc" -L"C:\Users\yolivave\Downloads\no-OS-master\adv7511\library\zc\lib" -L../../arm00_bsp/ps7_cortexa9_0/lib -Wl,-T -Wl,../src/lscript.ld -L../../bsp_arm_00/ps7_cortexa9_0/lib -o "decoder_src_dsply_checksum_arm.elf"  ./src/display.o ./src/source.o ./src/top_src_dsply.o   -lHDMI_ZynqLib -lorcc -Wl,--start-group,-lxil,-lgcc,-lc,--end-group -Wl,--start-group,-lxilffs,-lxil,-lgcc,-lc,--end-group
'Finished building target: decoder_src_dsply_checksum_arm.elf'
' '
'Invoking: ARM Print Size'
arm-xilinx-eabi-size decoder_src_dsply_checksum_arm.elf  |tee "decoder_src_dsply_checksum_arm.elf.size"
   text	   data	    bss	    dec	    hex	filename
  97376	   3184	   8440	 109000	  1a9c8	decoder_src_dsply_checksum_arm.elf
'Finished building: decoder_src_dsply_checksum_arm.elf.size'
' '

18:45:57 Build Finished (took 927ms)

