15:02:49 **** Build of configuration Release for project decoder_merger_lm ****
make all 
'Building file: C:/Users/yolivave/work/orcc-gen/mpeg4Visual/serial/Compa/src/decoder_merger/Top_decoder_merger.c'
'Invoking: MicroBlaze gcc compiler'
mb-gcc -Wall -w -O2 -I../../bsp_mb_02_lm/MbCluster0_mb02_64Kb_microblaze_0/include -I../../libs/orcc/include -c -fmessage-length=0 -I../../bsp_mb_02_lm/MbCluster0_mb02_64Kb_microblaze_0/include -mlittle-endian -mxl-barrel-shift -mno-xl-soft-div -mcpu=v9.3 -mxl-soft-mul -Wl,--no-relax -ffunction-sections -fdata-sections -MMD -MP -MF"src/Top_decoder_merger.d" -MT"src/Top_decoder_merger.d" -o "src/Top_decoder_merger.o" "C:/Users/yolivave/work/orcc-gen/mpeg4Visual/serial/Compa/src/decoder_merger/Top_decoder_merger.c"
'Finished building: C:/Users/yolivave/work/orcc-gen/mpeg4Visual/serial/Compa/src/decoder_merger/Top_decoder_merger.c'
' '
'Building file: C:/Users/yolivave/work/orcc-gen/mpeg4Visual/serial/Compa/src/decoder_merger/decoder_merger.c'
'Invoking: MicroBlaze gcc compiler'
mb-gcc -Wall -w -O2 -I../../bsp_mb_02_lm/MbCluster0_mb02_64Kb_microblaze_0/include -I../../libs/orcc/include -c -fmessage-length=0 -I../../bsp_mb_02_lm/MbCluster0_mb02_64Kb_microblaze_0/include -mlittle-endian -mxl-barrel-shift -mno-xl-soft-div -mcpu=v9.3 -mxl-soft-mul -Wl,--no-relax -ffunction-sections -fdata-sections -MMD -MP -MF"src/decoder_merger.d" -MT"src/decoder_merger.d" -o "src/decoder_merger.o" "C:/Users/yolivave/work/orcc-gen/mpeg4Visual/serial/Compa/src/decoder_merger/decoder_merger.c"
'Finished building: C:/Users/yolivave/work/orcc-gen/mpeg4Visual/serial/Compa/src/decoder_merger/decoder_merger.c'
' '
'Building target: decoder_merger_lm.elf'
'Invoking: MicroBlaze gcc linker'
mb-gcc -L"C:\Users\yolivave\work\Xilinx_SDK_workspace\mpeg_libs_mb\orcc" -Wl,-T -Wl,../src/lscript.ld -L../../bsp_mb_02_lm/MbCluster0_mb02_64Kb_microblaze_0/lib -mlittle-endian -mxl-barrel-shift -mno-xl-soft-div -mcpu=v9.3 -mxl-soft-mul -Wl,--no-relax -Wl,--gc-sections -o "decoder_merger_lm.elf"  ./src/Top_decoder_merger.o ./src/decoder_merger.o   -lorcc -Wl,--start-group,-lxil,-lgcc,-lc,--end-group
'Finished building target: decoder_merger_lm.elf'
' '
'Invoking: MicroBlaze Print Size'
mb-size decoder_merger_lm.elf  |tee "decoder_merger_lm.elf.size"
   text	   data	    bss	    dec	    hex	filename
   6256	    320	   2104	   8680	   21e8	decoder_merger_lm.elf
'Finished building: decoder_merger_lm.elf.size'
' '

15:02:51 Build Finished (took 1s.654ms)

