14:01:16 **** Incremental Build of configuration Debug for project display1 ****
make all 
'Building file: C:/Users/yolivave/work/orcc-gen/mpeg4Visual/serial/Compa/src/display/display.c'
'Invoking: ARM gcc compiler'
arm-xilinx-eabi-gcc -Wall -w -O0 -g3 -I"C:\Users\yolivave\work\orcc-gen\mpeg4Visual\serial\Compa\src\libs\orcc\include" -c -fmessage-length=0 -I../../display1_bsp/ps7_cortexa9_1/include -MMD -MP -MF"src/display.d" -MT"src/display.d" -o "src/display.o" "C:/Users/yolivave/work/orcc-gen/mpeg4Visual/serial/Compa/src/display/display.c"
'Finished building: C:/Users/yolivave/work/orcc-gen/mpeg4Visual/serial/Compa/src/display/display.c'
' '
'Building target: display1.elf'
'Invoking: ARM gcc linker'
arm-xilinx-eabi-gcc -L"C:\Users\yolivave\work\Xilinx_SDK_workspace\mpeg_libs_arm\orcc" -Wl,-T -Wl,../src/lscript.ld -L../../display1_bsp/ps7_cortexa9_1/lib -o "display1.elf"  ./src/display.o   -lorcc -Wl,--start-group,-lxil,-lgcc,-lc,--end-group
'Finished building target: display1.elf'
' '
'Invoking: ARM Print Size'
arm-xilinx-eabi-size display1.elf  |tee "display1.elf.size"
   text	   data	    bss	    dec	    hex	filename
  83968	   3428	   8460	  95856	  17670	display1.elf
'Finished building: display1.elf.size'
' '

14:01:17 Build Finished (took 982ms)

