15:36:13 **** Build of configuration Debug for project mb00_Example_Source ****
make all 
'Building file: ../src/Source.c'
'Invoking: MicroBlaze gcc compiler'
mb-gcc -Wall -O0 -g3 -I"C:\Users\yolivave\work\orcc-gen\Example\libs\orcc\include" -c -fmessage-length=0 -I../../mb00_bsp/mb0_microblaze_0/include -mno-xl-reorder -mlittle-endian -mcpu=v9.2 -mxl-soft-mul -Wl,--no-relax -ffunction-sections -fdata-sections -MMD -MP -MF"src/Source.d" -MT"src/Source.d" -o "src/Source.o" "../src/Source.c"
In file included from ../src/Source.c:8:0:
C:\Users\yolivave\work\orcc-gen\Example\libs\orcc\include/util.h:98:0: warning: ignoring #pragma warning  [-Wunknown-pragmas]
../src/Source.c: In function 'sendData':
../src/Source.c:77:6: warning: unused variable 'index_aligned_O' [-Wunused-variable]
../src/Source.c: In function 'Source_initialize':
../src/Source.c:99:1: warning: label 'finished' defined but not used [-Wunused-label]
../src/Source.c:97:6: warning: unused variable 'i' [-Wunused-variable]
'Finished building: ../src/Source.c'
' '
'Building file: ../src/platform.c'
'Invoking: MicroBlaze gcc compiler'
mb-gcc -Wall -O0 -g3 -I"C:\Users\yolivave\work\orcc-gen\Example\libs\orcc\include" -c -fmessage-length=0 -I../../mb00_bsp/mb0_microblaze_0/include -mno-xl-reorder -mlittle-endian -mcpu=v9.2 -mxl-soft-mul -Wl,--no-relax -ffunction-sections -fdata-sections -MMD -MP -MF"src/platform.d" -MT"src/platform.d" -o "src/platform.o" "../src/platform.c"
'Finished building: ../src/platform.c'
' '
'Building target: mb00_Example_Source.elf'
'Invoking: MicroBlaze gcc linker'
mb-gcc -L"C:\Users\yolivave\work\Xilinx_SDK_workspace\orcc\orcc" -Wl,-T -Wl,../src/lscript.ld -L../../mb00_bsp/mb0_microblaze_0/lib -mlittle-endian -mcpu=v9.2 -mxl-soft-mul -Wl,--no-relax -Wl,--gc-sections -o "mb00_Example_Source.elf"  ./src/Source.o ./src/platform.o   -lorcc -Wl,--start-group,-lxil,-lgcc,-lc,--end-group
'Finished building target: mb00_Example_Source.elf'
' '
'Invoking: MicroBlaze Print Size'
mb-size mb00_Example_Source.elf  |tee "mb00_Example_Source.elf.size"
   text	   data	    bss	    dec	    hex	filename
   9272	   1332	   2172	  12776	   31e8	mb00_Example_Source.elf
'Finished building: mb00_Example_Source.elf.size'
' '
'Invoking: Xilinx ELF Check'
elfcheck mb00_Example_Source.elf -hw ../../hw_platform_16Mbs/system.xml -pe mb0_microblaze_0  |tee "mb00_Example_Source.elf.elfcheck"
elfcheck
Xilinx EDK 2013.4 Build EDK_2013.4.20131205
Copyright (c) 1995-2012 Xilinx, Inc.  All rights reserved.

Command Line: elfcheck -hw ../../hw_platform_16Mbs/system.xml -pe
mb0_microblaze_0 mb00_Example_Source.elf 

ELF file	: mb00_Example_Source.elf
elfcheck passed.
'Finished building: mb00_Example_Source.elf.elfcheck'
' '

15:36:20 Build Finished (took 6s.396ms)

