16:48:48 **** Build of configuration Debug for project myHDMItx ****
make all 
'Building file: ../src/main.c'
'Invoking: ARM gcc compiler'
arm-xilinx-eabi-gcc -Wall -O0 -g3 -I"C:\Users\yolivave\Downloads\no-OS-master\adv7511\library\zc\inc" -c -fmessage-length=0 -I../../bsp_arm_00/ps7_cortexa9_0/include -MMD -MP -MF"src/main.d" -MT"src/main.d" -o "src/main.o" "../src/main.c"
In file included from ../src/main.c:46:0:
../../bsp_arm_00/ps7_cortexa9_0/include/xbasic_types.h:124:2: warning: #warning The xbasics_type.h file is deprecated and users should use xil_types.h and xil_assert. [-Wcpp]
 #warning  The xbasics_type.h file is deprecated and users should use xil_types.h and xil_assert.
  ^
../../bsp_arm_00/ps7_cortexa9_0/include/xbasic_types.h:125:2: warning: #warning Please refer the Standalone BSP UG647 for further details [-Wcpp]
 #warning  Please refer the Standalone BSP UG647 for further details
  ^
'Finished building: ../src/main.c'
' '
'Building file: ../src/my_cf_hdmi.c'
'Invoking: ARM gcc compiler'
arm-xilinx-eabi-gcc -Wall -O0 -g3 -I"C:\Users\yolivave\Downloads\no-OS-master\adv7511\library\zc\inc" -c -fmessage-length=0 -I../../bsp_arm_00/ps7_cortexa9_0/include -MMD -MP -MF"src/my_cf_hdmi.d" -MT"src/my_cf_hdmi.d" -o "src/my_cf_hdmi.o" "../src/my_cf_hdmi.c"
'Finished building: ../src/my_cf_hdmi.c'
' '
'Building file: ../src/transmitter.c'
'Invoking: ARM gcc compiler'
arm-xilinx-eabi-gcc -Wall -O0 -g3 -I"C:\Users\yolivave\Downloads\no-OS-master\adv7511\library\zc\inc" -c -fmessage-length=0 -I../../bsp_arm_00/ps7_cortexa9_0/include -MMD -MP -MF"src/transmitter.d" -MT"src/transmitter.d" -o "src/transmitter.o" "../src/transmitter.c"
'Finished building: ../src/transmitter.c'
' '
'Building target: myHDMItx.elf'
'Invoking: ARM gcc linker'
arm-xilinx-eabi-gcc -L"C:\Users\yolivave\Downloads\no-OS-master\adv7511\library\zc\lib" -Wl,-T -Wl,../src/lscript.ld -L../../bsp_arm_00/ps7_cortexa9_0/lib -o "myHDMItx.elf"  ./src/main.o ./src/my_cf_hdmi.o ./src/transmitter.o   -lHDMI_ZynqLib -Wl,--start-group,-lxil,-lgcc,-lc,--end-group -Wl,--start-group,-lxilffs,-lxil,-lgcc,-lc,--end-group
'Finished building target: myHDMItx.elf'
' '
'Invoking: ARM Print Size'
arm-xilinx-eabi-size myHDMItx.elf  |tee "myHDMItx.elf.size"
   text	   data	    bss	    dec	    hex	filename
 119404	   1916	  48572	 169892	  297a4	myHDMItx.elf
'Finished building: myHDMItx.elf.size'
' '

16:48:50 Build Finished (took 1s.788ms)

