12:02:06 **** Auto Build of configuration Debug for project parser_parseheaders ****
make all 
'Building file: C:/Users/yolivave/work/orcc-gen/mpeg4Visual/serial/Compa/src/decoder_parser_parseheaders/decoder_parser_parseheaders.c'
'Invoking: MicroBlaze gcc compiler'
mb-gcc -Wall -w -O0 -g3 -I"C:\Users\yolivave\work\orcc-gen\mpeg4Visual\serial\Compa\libs\orcc\include" -c -fmessage-length=0 -I../../mb00_bsp/MbCluster0_mb00_256Kb_microblaze_0/include -mlittle-endian -mcpu=v9.3 -mxl-soft-mul -Wl,--no-relax -ffunction-sections -fdata-sections -MMD -MP -MF"src/decoder_parser_parseheaders.d" -MT"src/decoder_parser_parseheaders.d" -o "src/decoder_parser_parseheaders.o" "C:/Users/yolivave/work/orcc-gen/mpeg4Visual/serial/Compa/src/decoder_parser_parseheaders/decoder_parser_parseheaders.c"
'Finished building: C:/Users/yolivave/work/orcc-gen/mpeg4Visual/serial/Compa/src/decoder_parser_parseheaders/decoder_parser_parseheaders.c'
' '
'Building target: parser_parseheaders.elf'
'Invoking: MicroBlaze gcc linker'
mb-gcc -L"C:\Users\yolivave\work\Xilinx_SDK_workspace\mpeg_libs_mb\orcc" -Wl,-T -Wl,../src/lscript.ld -L../../mb00_bsp/MbCluster0_mb00_256Kb_microblaze_0/lib -mlittle-endian -mcpu=v9.3 -mxl-soft-mul -Wl,--no-relax -Wl,--gc-sections -o "parser_parseheaders.elf"  ./src/decoder_parser_parseheaders.o   -lorcc -Wl,--start-group,-lxil,-lgcc,-lc,--end-group
'Finished building target: parser_parseheaders.elf'
' '
'Invoking: MicroBlaze Print Size'
mb-size parser_parseheaders.elf  |tee "parser_parseheaders.elf.size"
   text	   data	    bss	    dec	    hex	filename
 154832	   1744	   2328	 158904	  26cb8	parser_parseheaders.elf
'Finished building: parser_parseheaders.elf.size'
' '
'Invoking: Xilinx ELF Check'
elfcheck parser_parseheaders.elf -hw ../../hw_platform_1/system.xml -pe MbCluster0_mb00_256Kb_microblaze_0  |tee "parser_parseheaders.elf.elfcheck"
elfcheck
Xilinx EDK 2013.4 Build EDK_2013.4.20131205
Copyright (c) 1995-2012 Xilinx, Inc.  All rights reserved.

Command Line: elfcheck -hw ../../hw_platform_1/system.xml -pe
MbCluster0_mb00_256Kb_microblaze_0 parser_parseheaders.elf 

ELF file	: parser_parseheaders.elf
elfcheck passed.
'Finished building: parser_parseheaders.elf.elfcheck'
' '

12:02:08 Build Finished (took 2s.770ms)

