10:10:40 **** Incremental Build of configuration Release for project test_design_2 ****
make all 
'Building file: ../src/memorytest.c'
'Invoking: MicroBlaze gcc compiler'
mb-gcc -Wall -O2 -c -fmessage-length=0 -I../../test_design_2_bsp/microblaze_0/include -mlittle-endian -mcpu=v9.3 -mxl-soft-mul -Wl,--no-relax -ffunction-sections -fdata-sections -MMD -MP -MF"src/memorytest.d" -MT"src/memorytest.d" -o "src/memorytest.o" "../src/memorytest.c"
'Finished building: ../src/memorytest.c'
' '
'Building target: test_design_2.elf'
'Invoking: MicroBlaze gcc linker'
mb-gcc -Wl,-T -Wl,../src/lscript.ld -L../../test_design_2_bsp/microblaze_0/lib -mlittle-endian -mcpu=v9.3 -mxl-soft-mul -Wl,--no-relax -Wl,--gc-sections -o "test_design_2.elf"  ./src/memory_config_g.o ./src/memorytest.o ./src/platform.o   -Wl,--start-group,-lxil,-lgcc,-lc,--end-group
'Finished building target: test_design_2.elf'
' '
'Invoking: MicroBlaze Print Size'
mb-size test_design_2.elf  |tee "test_design_2.elf.size"
   text	   data	    bss	    dec	    hex	filename
   3940	    292	   2096	   6328	   18b8	test_design_2.elf
'Finished building: test_design_2.elf.size'
' '

10:10:40 Build Finished (took 718ms)

