10:42:58 **** Build of configuration Debug for project Top_mpeg_mb_10 ****
make all 
'Building file: ../src/Top_decoder_serial.c'
'Invoking: MicroBlaze gcc compiler'
mb-gcc -Wall -w -O0 -g3 -I"C:\Users\yolivave\work\orcc-gen\mpeg4Visual\serial\Compa\libs\orcc\include" -I"C:\Users\yolivave\work\Xilinx_SDK_workspace\Top_mpeg_arm\src" -c -fmessage-length=0 -I../../bsp_mb_10/MbCluster1_mb00_256Kb_microblaze_0/include -mlittle-endian -mxl-barrel-shift -mcpu=v9.3 -mxl-soft-mul -Wl,--no-relax -ffunction-sections -fdata-sections -MMD -MP -MF"src/Top_decoder_serial.d" -MT"src/Top_decoder_serial.d" -o "src/Top_decoder_serial.o" "../src/Top_decoder_serial.c"
'Finished building: ../src/Top_decoder_serial.c'
' '
'Building file: C:/Users/yolivave/work/orcc-gen/mpeg4Visual/serial/Compa/src/decoder_texture_DCReconstruction_addressing.c'
'Invoking: MicroBlaze gcc compiler'
mb-gcc -Wall -w -O0 -g3 -I"C:\Users\yolivave\work\orcc-gen\mpeg4Visual\serial\Compa\libs\orcc\include" -I"C:\Users\yolivave\work\Xilinx_SDK_workspace\Top_mpeg_arm\src" -c -fmessage-length=0 -I../../bsp_mb_10/MbCluster1_mb00_256Kb_microblaze_0/include -mlittle-endian -mxl-barrel-shift -mcpu=v9.3 -mxl-soft-mul -Wl,--no-relax -ffunction-sections -fdata-sections -MMD -MP -MF"src/decoder_texture_DCReconstruction_addressing.d" -MT"src/decoder_texture_DCReconstruction_addressing.d" -o "src/decoder_texture_DCReconstruction_addressing.o" "C:/Users/yolivave/work/orcc-gen/mpeg4Visual/serial/Compa/src/decoder_texture_DCReconstruction_addressing.c"
'Finished building: C:/Users/yolivave/work/orcc-gen/mpeg4Visual/serial/Compa/src/decoder_texture_DCReconstruction_addressing.c'
' '
'Building target: Top_mpeg_mb_10.elf'
'Invoking: MicroBlaze gcc linker'
mb-gcc -L"C:\Users\yolivave\work\Xilinx_SDK_workspace\mpeg_libs_mb\orcc" -Wl,-T -Wl,../src/lscript.ld -L../../bsp_mb_10/MbCluster1_mb00_256Kb_microblaze_0/lib -mlittle-endian -mxl-barrel-shift -mcpu=v9.3 -mxl-soft-mul -Wl,--no-relax -Wl,--gc-sections -o "Top_mpeg_mb_10.elf"  ./src/Top_decoder_serial.o ./src/decoder_texture_DCReconstruction_addressing.o   -lorcc -Wl,--start-group,-lxil,-lgcc,-lc,--end-group
'Finished building target: Top_mpeg_mb_10.elf'
' '
'Invoking: MicroBlaze Print Size'
mb-size Top_mpeg_mb_10.elf  |tee "Top_mpeg_mb_10.elf.size"
   text	   data	    bss	    dec	    hex	filename
  11288	    392	   2584	  14264	   37b8	Top_mpeg_mb_10.elf
'Finished building: Top_mpeg_mb_10.elf.size'
' '

10:43:00 Build Finished (took 1s.730ms)

