13:25:27 **** Incremental Build of configuration Debug for project Top_mpeg_arm ****
make all 
'Building file: ../src/Top_decoder_serial.c'
'Invoking: ARM gcc compiler'
arm-xilinx-eabi-gcc -O0 -g3 -I"C:\Users\yolivave\work\orcc-gen\mpeg4Visual\serial\Compa\libs\orcc\include" -I"C:\Users\yolivave\work\Xilinx_SDK_workspace\Top_mpeg_arm\src" -I"C:\Users\yolivave\Downloads\no-OS-master\adv7511\library\zc\inc" -c -fmessage-length=0 -I../../arm_00/ps7_cortexa9_0/include -MMD -MP -MF"src/Top_decoder_serial.d" -MT"src/Top_decoder_serial.d" -o "src/Top_decoder_serial.o" "../src/Top_decoder_serial.c"
'Finished building: ../src/Top_decoder_serial.c'
' '
'Building file: ../src/display.c'
'Invoking: ARM gcc compiler'
arm-xilinx-eabi-gcc -O0 -g3 -I"C:\Users\yolivave\work\orcc-gen\mpeg4Visual\serial\Compa\libs\orcc\include" -I"C:\Users\yolivave\work\Xilinx_SDK_workspace\Top_mpeg_arm\src" -I"C:\Users\yolivave\Downloads\no-OS-master\adv7511\library\zc\inc" -c -fmessage-length=0 -I../../arm_00/ps7_cortexa9_0/include -MMD -MP -MF"src/display.d" -MT"src/display.d" -o "src/display.o" "../src/display.c"
'Finished building: ../src/display.c'
' '
'Building file: ../src/display_adv7511.c'
'Invoking: ARM gcc compiler'
arm-xilinx-eabi-gcc -O0 -g3 -I"C:\Users\yolivave\work\orcc-gen\mpeg4Visual\serial\Compa\libs\orcc\include" -I"C:\Users\yolivave\work\Xilinx_SDK_workspace\Top_mpeg_arm\src" -I"C:\Users\yolivave\Downloads\no-OS-master\adv7511\library\zc\inc" -c -fmessage-length=0 -I../../arm_00/ps7_cortexa9_0/include -MMD -MP -MF"src/display_adv7511.d" -MT"src/display_adv7511.d" -o "src/display_adv7511.o" "../src/display_adv7511.c"
'Finished building: ../src/display_adv7511.c'
' '
'Building file: ../src/my_cf_hdmi.c'
'Invoking: ARM gcc compiler'
arm-xilinx-eabi-gcc -O0 -g3 -I"C:\Users\yolivave\work\orcc-gen\mpeg4Visual\serial\Compa\libs\orcc\include" -I"C:\Users\yolivave\work\Xilinx_SDK_workspace\Top_mpeg_arm\src" -I"C:\Users\yolivave\Downloads\no-OS-master\adv7511\library\zc\inc" -c -fmessage-length=0 -I../../arm_00/ps7_cortexa9_0/include -MMD -MP -MF"src/my_cf_hdmi.d" -MT"src/my_cf_hdmi.d" -o "src/my_cf_hdmi.o" "../src/my_cf_hdmi.c"
'Finished building: ../src/my_cf_hdmi.c'
' '
'Building file: ../src/source.c'
'Invoking: ARM gcc compiler'
arm-xilinx-eabi-gcc -O0 -g3 -I"C:\Users\yolivave\work\orcc-gen\mpeg4Visual\serial\Compa\libs\orcc\include" -I"C:\Users\yolivave\work\Xilinx_SDK_workspace\Top_mpeg_arm\src" -I"C:\Users\yolivave\Downloads\no-OS-master\adv7511\library\zc\inc" -c -fmessage-length=0 -I../../arm_00/ps7_cortexa9_0/include -MMD -MP -MF"src/source.d" -MT"src/source.d" -o "src/source.o" "../src/source.c"
'Finished building: ../src/source.c'
' '
'Building file: ../src/sourceFileMgr.c'
'Invoking: ARM gcc compiler'
arm-xilinx-eabi-gcc -O0 -g3 -I"C:\Users\yolivave\work\orcc-gen\mpeg4Visual\serial\Compa\libs\orcc\include" -I"C:\Users\yolivave\work\Xilinx_SDK_workspace\Top_mpeg_arm\src" -I"C:\Users\yolivave\Downloads\no-OS-master\adv7511\library\zc\inc" -c -fmessage-length=0 -I../../arm_00/ps7_cortexa9_0/include -MMD -MP -MF"src/sourceFileMgr.d" -MT"src/sourceFileMgr.d" -o "src/sourceFileMgr.o" "../src/sourceFileMgr.c"
'Finished building: ../src/sourceFileMgr.c'
' '
'Building file: ../src/transmitter.c'
'Invoking: ARM gcc compiler'
arm-xilinx-eabi-gcc -O0 -g3 -I"C:\Users\yolivave\work\orcc-gen\mpeg4Visual\serial\Compa\libs\orcc\include" -I"C:\Users\yolivave\work\Xilinx_SDK_workspace\Top_mpeg_arm\src" -I"C:\Users\yolivave\Downloads\no-OS-master\adv7511\library\zc\inc" -c -fmessage-length=0 -I../../arm_00/ps7_cortexa9_0/include -MMD -MP -MF"src/transmitter.d" -MT"src/transmitter.d" -o "src/transmitter.o" "../src/transmitter.c"
'Finished building: ../src/transmitter.c'
' '
'Building target: Top_mpeg_arm.elf'
'Invoking: ARM gcc linker'
arm-xilinx-eabi-gcc -L"C:\Users\yolivave\work\Xilinx_SDK_workspace\mpeg_libs_arm\orcc" -L"C:\Users\yolivave\Downloads\no-OS-master\adv7511\library\zc\lib" -Wl,-T -Wl,../src/lscript.ld -L../../arm_00/ps7_cortexa9_0/lib -o "Top_mpeg_arm.elf"  ./src/Top_decoder_serial.o ./src/display.o ./src/display_adv7511.o ./src/my_cf_hdmi.o ./src/source.o ./src/sourceFileMgr.o ./src/transmitter.o   -lHDMI_ZynqLib -Wl,--start-group,-lxil,-lgcc,-lc,--end-group -Wl,--start-group,-lxilffs,-lxil,-lgcc,-lc,--end-group
'Finished building target: Top_mpeg_arm.elf'
' '
'Invoking: ARM Print Size'
arm-xilinx-eabi-size Top_mpeg_arm.elf  |tee "Top_mpeg_arm.elf.size"
   text	   data	    bss	    dec	    hex	filename
 183156	   4132	  52892	 240180	  3aa34	Top_mpeg_arm.elf
'Finished building: Top_mpeg_arm.elf.size'
' '

13:25:30 Build Finished (took 2s.931ms)

