11:11:11 **** Incremental Build of configuration Debug for project Top_arm_00_ ****
make all 
'Building file: ../src/hdmi/my_cf_hdmi.c'
'Invoking: ARM g++ compiler'
arm-xilinx-eabi-g++ -O0 -g3 -I../src/adv7511/inc -I"C:\Users\yolivave\work\Xilinx_SDK_workspace\runtime\src" -I"C:\Users\yolivave\work\orcc-gen\mpeg4Visual\serial\Compa\libs\orcc\include" -c -fmessage-length=0 -I../../bsp_cortex0/ps7_cortexa9_0/include -MMD -MP -MF"src/hdmi/my_cf_hdmi.d" -MT"src/hdmi/my_cf_hdmi.d" -o "src/hdmi/my_cf_hdmi.o" "../src/hdmi/my_cf_hdmi.c"
'Finished building: ../src/hdmi/my_cf_hdmi.c'
' '
'Building target: Top_arm_00_.elf'
'Invoking: ARM g++ linker'
arm-xilinx-eabi-g++ -L../src/adv7511/lib -Wl,-T -Wl,../src/lscript.ld -L../../bsp_cortex0/ps7_cortexa9_0/lib -o "Top_arm_00_.elf"  ./src/hdmi/my_cf_hdmi.o ./src/hdmi/transmitter.o  ./src/ffs/ccsbcs.o  ./src/ctrlComms.o ./src/ctrl_fifo_functions.o ./src/ctrl_fifos.o ./src/fileMgr.o ./src/main.o ./src/mappings.o ./src/perfMonMngr.o ./src/printDataFifoIx.o ./src/system.o ./src/timerMngr.o   -lHDMI_ZynqLib -Wl,--start-group,-lxil,-lgcc,-lc,-lstdc++,--end-group -Wl,--start-group,-lxilffs,-lxil,-lgcc,-lc,--end-group
'Finished building target: Top_arm_00_.elf'
' '
'Invoking: ARM Print Size'
arm-xilinx-eabi-size Top_arm_00_.elf  |tee "Top_arm_00_.elf.size"
   text	   data	    bss	    dec	    hex	filename
 256392	   4308	  19096	 279796	  444f4	Top_arm_00_.elf
'Finished building: Top_arm_00_.elf.size'
' '

11:11:13 Build Finished (took 1s.515ms)

