17:07:15 **** Incremental Build of configuration Debug for project Top_00 ****
make all 
'Building file: ../src/Top_00.c'
'Invoking: MicroBlaze gcc compiler'
mb-gcc -O0 -g -I"C:\Users\yolivave\work\Xilinx_SDK_workspace\runtime\src" -I"C:\Users\yolivave\work\Xilinx_SDK_workspace\Actors\src" -I"C:\Users\yolivave\work\Xilinx_SDK_workspace\Top_00\src" -I"C:\Users\yolivave\work\orcc-gen\mpeg4Visual\serial\Compa\libs\orcc\include" -c -fmessage-length=0 -fpic -I../../bsp_cluster0_mb0/MbCluster0_mb0_microblaze_0/include -mno-xl-reorder -mlittle-endian -mxl-barrel-shift -mxl-pattern-compare -mno-xl-soft-div -mcpu=v9.3 -mno-xl-soft-mul -mhard-float -Wl,--no-relax -ffunction-sections -fdata-sections -MMD -MP -MF"src/Top_00.d" -MT"src/Top_00.d" -o "src/Top_00.o" "../src/Top_00.c"
'Finished building: ../src/Top_00.c'
' '
'Building file: ../src/display.c'
'Invoking: MicroBlaze gcc compiler'
mb-gcc -O0 -g -I"C:\Users\yolivave\work\Xilinx_SDK_workspace\runtime\src" -I"C:\Users\yolivave\work\Xilinx_SDK_workspace\Actors\src" -I"C:\Users\yolivave\work\Xilinx_SDK_workspace\Top_00\src" -I"C:\Users\yolivave\work\orcc-gen\mpeg4Visual\serial\Compa\libs\orcc\include" -c -fmessage-length=0 -fpic -I../../bsp_cluster0_mb0/MbCluster0_mb0_microblaze_0/include -mno-xl-reorder -mlittle-endian -mxl-barrel-shift -mxl-pattern-compare -mno-xl-soft-div -mcpu=v9.3 -mno-xl-soft-mul -mhard-float -Wl,--no-relax -ffunction-sections -fdata-sections -MMD -MP -MF"src/display.d" -MT"src/display.d" -o "src/display.o" "../src/display.c"
'Finished building: ../src/display.c'
' '
'Building file: ../src/display_MB.c'
'Invoking: MicroBlaze gcc compiler'
mb-gcc -O0 -g -I"C:\Users\yolivave\work\Xilinx_SDK_workspace\runtime\src" -I"C:\Users\yolivave\work\Xilinx_SDK_workspace\Actors\src" -I"C:\Users\yolivave\work\Xilinx_SDK_workspace\Top_00\src" -I"C:\Users\yolivave\work\orcc-gen\mpeg4Visual\serial\Compa\libs\orcc\include" -c -fmessage-length=0 -fpic -I../../bsp_cluster0_mb0/MbCluster0_mb0_microblaze_0/include -mno-xl-reorder -mlittle-endian -mxl-barrel-shift -mxl-pattern-compare -mno-xl-soft-div -mcpu=v9.3 -mno-xl-soft-mul -mhard-float -Wl,--no-relax -ffunction-sections -fdata-sections -MMD -MP -MF"src/display_MB.d" -MT"src/display_MB.d" -o "src/display_MB.o" "../src/display_MB.c"
'Finished building: ../src/display_MB.c'
' '
'Building file: ../src/source.c'
'Invoking: MicroBlaze gcc compiler'
mb-gcc -O0 -g -I"C:\Users\yolivave\work\Xilinx_SDK_workspace\runtime\src" -I"C:\Users\yolivave\work\Xilinx_SDK_workspace\Actors\src" -I"C:\Users\yolivave\work\Xilinx_SDK_workspace\Top_00\src" -I"C:\Users\yolivave\work\orcc-gen\mpeg4Visual\serial\Compa\libs\orcc\include" -c -fmessage-length=0 -fpic -I../../bsp_cluster0_mb0/MbCluster0_mb0_microblaze_0/include -mno-xl-reorder -mlittle-endian -mxl-barrel-shift -mxl-pattern-compare -mno-xl-soft-div -mcpu=v9.3 -mno-xl-soft-mul -mhard-float -Wl,--no-relax -ffunction-sections -fdata-sections -MMD -MP -MF"src/source.d" -MT"src/source.d" -o "src/source.o" "../src/source.c"
'Finished building: ../src/source.c'
' '
'Building file: ../src/source_MB.c'
'Invoking: MicroBlaze gcc compiler'
mb-gcc -O0 -g -I"C:\Users\yolivave\work\Xilinx_SDK_workspace\runtime\src" -I"C:\Users\yolivave\work\Xilinx_SDK_workspace\Actors\src" -I"C:\Users\yolivave\work\Xilinx_SDK_workspace\Top_00\src" -I"C:\Users\yolivave\work\orcc-gen\mpeg4Visual\serial\Compa\libs\orcc\include" -c -fmessage-length=0 -fpic -I../../bsp_cluster0_mb0/MbCluster0_mb0_microblaze_0/include -mno-xl-reorder -mlittle-endian -mxl-barrel-shift -mxl-pattern-compare -mno-xl-soft-div -mcpu=v9.3 -mno-xl-soft-mul -mhard-float -Wl,--no-relax -ffunction-sections -fdata-sections -MMD -MP -MF"src/source_MB.d" -MT"src/source_MB.d" -o "src/source_MB.o" "../src/source_MB.c"
'Finished building: ../src/source_MB.c'
' '
'Building target: Top_00.elf'
'Invoking: MicroBlaze gcc linker'
mb-gcc -L"C:\Users\yolivave\work\Xilinx_SDK_workspace\Actors\Debug" -L"C:\Users\yolivave\work\Xilinx_SDK_workspace\actors_bin\Debug" -L"C:\Users\yolivave\work\Xilinx_SDK_workspace\runtime\Debug" -fno-zero-initialized-in-bss -Wl,-T -Wl,../src/lscript.ld -L../../bsp_cluster0_mb0/MbCluster0_mb0_microblaze_0/lib -mlittle-endian -mxl-barrel-shift -mxl-pattern-compare -mno-xl-soft-div -mcpu=v9.3 -mno-xl-soft-mul -mhard-float -Wl,--no-relax -Wl,--gc-sections -o "Top_00.elf"  ./src/Top_00.o ./src/display.o ./src/display_MB.o ./src/source.o ./src/source_MB.o   -lruntime -lActors -Wl,--start-group,-lxil,-lgcc,-lc,--end-group
'Finished building target: Top_00.elf'
' '
'Invoking: MicroBlaze Print Size'
mb-size Top_00.elf  |tee "Top_00.elf.size"
   text	   data	    bss	    dec	    hex	filename
 396816	    868	   2744	 400428	  61c2c	Top_00.elf
'Finished building: Top_00.elf.size'
' '

17:07:23 Build Finished (took 8s.72ms)

